// Vitest Snapshot v1, https://vitest.dev/guide/snapshot.html

exports[`测试html提取 > case 1 1`] = `""<style>\\n            .layui-form-label {\\n                width: 65px;\\n            }\\n        \\n            .layui-input-block {\\n                margin-left: 95px;\\n            }\\n        </style>\\n        <form class=\\"layui-form\\" id=\\"innerMessageForm\\" lay-filter=\\"innerMessageForm\\">\\n            <div class=\\"layui-fluid\\" style=\\"padding-bottom: 75px;\\">\\n                <input name=\\"id\\" type=\\"hidden\\"/>\\n                <div class=\\"layui-form-item layui-row\\">\\n                    <div class=\\"layui-inline layui-col-md12\\">\\n                        <label class=\\"layui-form-label\\">推送类型<span style=\\"color: red;\\">*</span></label>\\n                        <div class=\\"layui-input-block\\" style=\\"display: flex;align-items: center\\">\\n                            <span>站内信消息推送</span>\\n                        </div>\\n                    </div>\\n        \\n                    <div class=\\"layui-inline layui-col-md12\\">\\n                        <label class=\\"layui-form-label\\">通知标题<span style=\\"color: red;\\">*</span></label>\\n                        <div class=\\"layui-input-block\\">\\n                            <input id=\\"title\\" name=\\"title\\" placeholder=\\"请输入不超过30字的通知标题\\" type=\\"text\\"\\n                                   class=\\"layui-input\\" lay-verify=\\"required\\" required disabled/>\\n                        </div>\\n                    </div>\\n        \\n                    <div class=\\"layui-inline layui-col-md12\\">\\n                        <label class=\\"layui-form-label\\">推送模式<span style=\\"color: red;\\">*</span></label>\\n                        <div class=\\"layui-input-block\\">\\n                            <input type=\\"radio\\" name=\\"pushMode\\" value=\\"0\\" lay-filter=\\"modeFilter\\" title=\\"全终端推送\\" checked\\n                                   disabled>\\n                            <input type=\\"radio\\" name=\\"pushMode\\" value=\\"1\\" lay-filter=\\"modeFilter\\" title=\\"精准推送\\" disabled>\\n                            <input type=\\"radio\\" name=\\"pushMode\\" value=\\"2\\" lay-filter=\\"modeFilter\\" title=\\"自然流量\\" checked\\n                                   disabled>\\n                            <input type=\\"radio\\" name=\\"pushMode\\" value=\\"3\\" lay-filter=\\"modeFilter\\" title=\\"代理\\" disabled>\\n                        </div>\\n                    </div>\\n        \\n                    <div class=\\"layui-inline layui-col-md12\\" id=\\"userIdDom\\" style=\\"display: none;\\">\\n                        <label class=\\"layui-form-label\\">用户UID<span style=\\"color: red;\\">*</span></label>\\n                        <div class=\\"layui-input-block\\">\\n                            <textarea id=\\"uid\\" placeholder=\\"请输入用户UID，以英文','分割\\" class=\\"layui-textarea\\"\\n                                      disabled></textarea>\\n                            <button type=\\"button\\" class=\\"layui-btn demo-class-accept\\" id=\\"uploadUID\\" style=\\"margin-top: 8px;\\">\\n                                <i class=\\"layui-icon layui-icon-upload\\"></i>\\n                                上传用户UID\\n                            </button>\\n                        </div>\\n                    </div>\\n                    <div class=\\"layui-inline layui-col-md12\\" id=\\"proxyIdDom\\" style=\\"display: none;\\">\\n                        <label class=\\"layui-form-label\\">代理UID<span style=\\"color: red;\\">*</span></label>\\n                        <div class=\\"layui-input-block\\">\\n                            <textarea id=\\"proxyUid\\" placeholder=\\"请输入代理UID，以英文','分割\\" class=\\"layui-textarea\\"\\n                                      disabled></textarea>\\n                            <button type=\\"button\\" class=\\"layui-btn demo-class-accept\\" id=\\"uploadUID\\" style=\\"margin-top: 8px;\\">\\n                                <i class=\\"layui-icon layui-icon-upload\\"></i>\\n                                上传代理UID\\n                            </button>\\n                        </div>\\n                    </div>\\n        \\n                    <div class=\\"layui-inline layui-col-md12\\" id=\\"proxyIdDom\\" style=\\"display: none;\\">\\n                        <label class=\\"layui-form-label\\">代理UID<span style=\\"color: red;\\">*</span></label>\\n                        <div class=\\"layui-input-block\\">\\n                            <textarea id=\\"proxyUid\\" placeholder=\\"请输入代理UID，以英文','分割\\" class=\\"layui-textarea\\"\\n                                      disabled></textarea>\\n                            <button type=\\"button\\" class=\\"layui-btn demo-class-accept\\" id=\\"uploadUID\\" style=\\"margin-top: 8px;\\">\\n                                <i class=\\"layui-icon layui-icon-upload\\"></i>\\n                                上传代理UID\\n                            </button>\\n                        </div>\\n                    </div>\\n        \\n                    <div class=\\"layui-inline layui-col-md12\\">\\n                        <label class=\\"layui-form-label\\">语言<span style=\\"color: red;\\">*</span></label>\\n                        <div class=\\"layui-input-block\\">\\n                            <div id=\\"language\\">\\n                                <input type=\\"checkbox\\" value=\\"1\\" lay-filter=\\"languageFilter\\" title=\\"简体中文\\"\\n                                       lay-skin=\\"primary\\" disabled>\\n                                <input type=\\"checkbox\\" value=\\"5\\" lay-filter=\\"languageFilter\\" title=\\"繁体中文\\"\\n                                       lay-skin=\\"primary\\" disabled>\\n                                <input type=\\"checkbox\\" value=\\"0\\" lay-filter=\\"languageFilter\\" title=\\"英文\\" lay-skin=\\"primary\\"\\n                                       disabled>\\n                                <input type=\\"checkbox\\" value=\\"3\\" lay-filter=\\"languageFilter\\" title=\\"韩文\\" lay-skin=\\"primary\\"\\n                                       disabled>\\n                            </div>\\n                            <div style=\\"margin: 8px 0 0;background: #aaaaaa35;padding: 8px;display: none;\\" id=\\"languageCNDom\\">\\n                                <div>简体中文</div>\\n                                <hr/>\\n                                <div class=\\"layui-inline layui-col-md12\\">\\n                                    <label class=\\"layui-form-label\\" style=\\"width: 40px\\">\\n                                        标题<span style=\\"color: red;\\">*</span>\\n                                    </label>\\n                                    <div class=\\"layui-input-block\\" style=\\"margin-left: 70px\\">\\n                                        <input id=\\"languageCNTitle\\" placeholder=\\"请输入不超过30字的标题\\" type=\\"text\\"\\n                                               class=\\"layui-input\\" disabled/>\\n                                    </div>\\n                                </div>\\n                                <div class=\\"layui-inline layui-col-md12\\">\\n                                    <label class=\\"layui-form-label\\" style=\\"width: 40px\\">\\n                                        内容<span style=\\"color: red;\\">*</span>\\n                                    </label>\\n                                    <div class=\\"layui-input-block\\" style=\\"margin-left: 70px;background: white;\\">\\n                                        <textarea id=\\"languageCNContent\\" placeholder=\\"通知内容\\" maxlength=\\"1000\\"\\n                                                  class=\\"layui-textarea\\" disabled></textarea>\\n                                    </div>\\n                                </div>\\n                            </div>\\n                            <div style=\\"margin: 8px 0 0;background: #aaaaaa35;padding: 8px;display: none;\\" id=\\"languageCNTWDom\\">\\n                                <div>繁体中文</div>\\n                                <hr/>\\n                                <div class=\\"layui-inline layui-col-md12\\">\\n                                    <label class=\\"layui-form-label\\" style=\\"width: 40px\\">\\n                                        标题<span style=\\"color: red;\\">*</span>\\n                                    </label>\\n                                    <div class=\\"layui-input-block\\" style=\\"margin-left: 70px\\">\\n                                        <input id=\\"languageCNTWTitle\\" placeholder=\\"请输入不超过30字的标题\\" type=\\"text\\"\\n                                               class=\\"layui-input\\" disabled/>\\n                                    </div>\\n                                </div>\\n                                <div class=\\"layui-inline layui-col-md12\\">\\n                                    <label class=\\"layui-form-label\\" style=\\"width: 40px\\">\\n                                        内容<span style=\\"color: red;\\">*</span>\\n                                    </label>\\n                                    <div class=\\"layui-input-block\\" style=\\"margin-left: 70px;background: white;\\">\\n                                        <textarea id=\\"languageCNTWContent\\" placeholder=\\"通知内容\\" maxlength=\\"1000\\"\\n                                                  class=\\"layui-textarea\\"></textarea>\\n                                    </div>\\n                                </div>\\n                            </div>\\n                            <div style=\\"margin: 8px 0 0;background: #aaaaaa35;padding: 8px;;display: none;\\" id=\\"languageENDom\\">\\n                                <div>英文</div>\\n                                <hr/>\\n                                <div class=\\"layui-inline layui-col-md12\\">\\n                                    <label class=\\"layui-form-label\\" style=\\"width: 40px\\">\\n                                        标题<span style=\\"color: red;\\">*</span>\\n                                    </label>\\n                                    <div class=\\"layui-input-block\\" style=\\"margin-left: 70px\\">\\n                                        <input id=\\"languageENTitle\\" placeholder=\\"请输入不超过30字的标题\\" type=\\"text\\"\\n                                               class=\\"layui-input\\" disabled/>\\n                                    </div>\\n                                </div>\\n                                <div class=\\"layui-inline layui-col-md12\\">\\n                                    <label class=\\"layui-form-label\\" style=\\"width: 40px\\">\\n                                        内容<span style=\\"color: red;\\">*</span>\\n                                    </label>\\n                                    <div class=\\"layui-input-block\\" style=\\"margin-left: 70px;background: white;\\">\\n                                        <textarea id=\\"languageENContent\\" placeholder=\\"通知内容\\" maxlength=\\"1000\\"\\n                                                  class=\\"layui-textarea\\"></textarea>\\n                                    </div>\\n                                </div>\\n                            </div>\\n                            <div style=\\"margin: 8px 0 0;background: #aaaaaa35;padding: 8px;display: none;\\" id=\\"languageKODom\\">\\n                                <div>韩文</div>\\n                                <hr/>\\n                                <div class=\\"layui-inline layui-col-md12\\">\\n                                    <label class=\\"layui-form-label\\" style=\\"width: 40px\\">\\n                                        标题<span style=\\"color: red;\\">*</span>\\n                                    </label>\\n                                    <div class=\\"layui-input-block\\" style=\\"margin-left: 70px\\">\\n                                        <input id=\\"languageKOTitle\\" placeholder=\\"请输入不超过30字的标题\\" type=\\"text\\"\\n                                               class=\\"layui-input\\" disabled/>\\n                                    </div>\\n                                </div>\\n                                <div class=\\"layui-inline layui-col-md12\\">\\n                                    <label class=\\"layui-form-label\\" style=\\"width: 40px\\">\\n                                        内容<span style=\\"color: red;\\">*</span>\\n                                    </label>\\n                                    <div class=\\"layui-input-block\\" style=\\"margin-left: 70px;background: white;\\">\\n                                        <textarea id=\\"languageKOContent\\" placeholder=\\"通知内容\\" maxlength=\\"1000\\"\\n                                                  class=\\"layui-textarea\\"></textarea>\\n                                    </div>\\n                                </div>\\n                            </div>\\n                        </div>\\n                    </div>\\n        \\n                    <div class=\\"layui-inline layui-col-md12\\">\\n                        <label class=\\"layui-form-label\\">发送类型<span style=\\"color: red;\\">*</span></label>\\n                        <div class=\\"layui-input-block\\">\\n                            <input type=\\"radio\\" name=\\"sendType\\" value=\\"1\\" lay-filter=\\"sendTypeFilter\\" title=\\"立即发送\\" checked\\n                                   disabled>\\n                            <input type=\\"radio\\" name=\\"sendType\\" value=\\"2\\" lay-filter=\\"sendTypeFilter\\" title=\\"定时发送\\" disabled>\\n                        </div>\\n                    </div>\\n        \\n                    <div class=\\"layui-inline layui-col-md12\\" id=\\"sendDateDom\\" style=\\"display: none;\\">\\n                        <label class=\\"layui-form-label\\">发送日期<span style=\\"color: red;\\">*</span></label>\\n                        <div class=\\"layui-input-block\\">\\n                            <input id=\\"planTime\\" type=\\"text\\" class=\\"layui-input\\" placeholder=\\"发送日期时间\\" autocomplete=\\"off\\"\\n                                   disabled>\\n                        </div>\\n                    </div>\\n                </div>\\n            </div>\\n        </form>\\n        \\n        ""`;

exports[`测试html提取 1`] = `""<style>\\n            .layui-form-label {\\n                width: 65px;\\n            }\\n        \\n            .layui-input-block {\\n                margin-left: 95px;\\n            }\\n        </style>\\n        <form class=\\"layui-form\\" id=\\"innerMessageForm\\" lay-filter=\\"innerMessageForm\\">\\n            <div class=\\"layui-fluid\\" style=\\"padding-bottom: 75px;\\">\\n                <input name=\\"id\\" type=\\"hidden\\"/>\\n                <div class=\\"layui-form-item layui-row\\">\\n                    <div class=\\"layui-inline layui-col-md12\\">\\n                        <label class=\\"layui-form-label\\">推送类型<span style=\\"color: red;\\">*</span></label>\\n                        <div class=\\"layui-input-block\\" style=\\"display: flex;align-items: center\\">\\n                            <span>站内信消息推送</span>\\n                        </div>\\n                    </div>\\n        \\n                    <div class=\\"layui-inline layui-col-md12\\">\\n                        <label class=\\"layui-form-label\\">通知标题<span style=\\"color: red;\\">*</span></label>\\n                        <div class=\\"layui-input-block\\">\\n                            <input id=\\"title\\" name=\\"title\\" placeholder=\\"请输入不超过30字的通知标题\\" type=\\"text\\"\\n                                   class=\\"layui-input\\" lay-verify=\\"required\\" required disabled/>\\n                        </div>\\n                    </div>\\n        \\n                    <div class=\\"layui-inline layui-col-md12\\">\\n                        <label class=\\"layui-form-label\\">推送模式<span style=\\"color: red;\\">*</span></label>\\n                        <div class=\\"layui-input-block\\">\\n                            <input type=\\"radio\\" name=\\"pushMode\\" value=\\"0\\" lay-filter=\\"modeFilter\\" title=\\"全终端推送\\" checked\\n                                   disabled>\\n                            <input type=\\"radio\\" name=\\"pushMode\\" value=\\"1\\" lay-filter=\\"modeFilter\\" title=\\"精准推送\\" disabled>\\n                            <input type=\\"radio\\" name=\\"pushMode\\" value=\\"2\\" lay-filter=\\"modeFilter\\" title=\\"自然流量\\" checked\\n                                   disabled>\\n                            <input type=\\"radio\\" name=\\"pushMode\\" value=\\"3\\" lay-filter=\\"modeFilter\\" title=\\"代理\\" disabled>\\n                        </div>\\n                    </div>\\n        \\n                    <div class=\\"layui-inline layui-col-md12\\" id=\\"userIdDom\\" style=\\"display: none;\\">\\n                        <label class=\\"layui-form-label\\">用户UID<span style=\\"color: red;\\">*</span></label>\\n                        <div class=\\"layui-input-block\\">\\n                            <textarea id=\\"uid\\" placeholder=\\"请输入用户UID，以英文','分割\\" class=\\"layui-textarea\\"\\n                                      disabled></textarea>\\n                            <button type=\\"button\\" class=\\"layui-btn demo-class-accept\\" id=\\"uploadUID\\" style=\\"margin-top: 8px;\\">\\n                                <i class=\\"layui-icon layui-icon-upload\\"></i>\\n                                上传用户UID\\n                            </button>\\n                        </div>\\n                    </div>\\n                    <div class=\\"layui-inline layui-col-md12\\" id=\\"proxyIdDom\\" style=\\"display: none;\\">\\n                        <label class=\\"layui-form-label\\">代理UID<span style=\\"color: red;\\">*</span></label>\\n                        <div class=\\"layui-input-block\\">\\n                            <textarea id=\\"proxyUid\\" placeholder=\\"请输入代理UID，以英文','分割\\" class=\\"layui-textarea\\"\\n                                      disabled></textarea>\\n                            <button type=\\"button\\" class=\\"layui-btn demo-class-accept\\" id=\\"uploadUID\\" style=\\"margin-top: 8px;\\">\\n                                <i class=\\"layui-icon layui-icon-upload\\"></i>\\n                                上传代理UID\\n                            </button>\\n                        </div>\\n                    </div>\\n        \\n                    <div class=\\"layui-inline layui-col-md12\\" id=\\"proxyIdDom\\" style=\\"display: none;\\">\\n                        <label class=\\"layui-form-label\\">代理UID<span style=\\"color: red;\\">*</span></label>\\n                        <div class=\\"layui-input-block\\">\\n                            <textarea id=\\"proxyUid\\" placeholder=\\"请输入代理UID，以英文','分割\\" class=\\"layui-textarea\\"\\n                                      disabled></textarea>\\n                            <button type=\\"button\\" class=\\"layui-btn demo-class-accept\\" id=\\"uploadUID\\" style=\\"margin-top: 8px;\\">\\n                                <i class=\\"layui-icon layui-icon-upload\\"></i>\\n                                上传代理UID\\n                            </button>\\n                        </div>\\n                    </div>\\n        \\n                    <div class=\\"layui-inline layui-col-md12\\">\\n                        <label class=\\"layui-form-label\\">语言<span style=\\"color: red;\\">*</span></label>\\n                        <div class=\\"layui-input-block\\">\\n                            <div id=\\"language\\">\\n                                <input type=\\"checkbox\\" value=\\"1\\" lay-filter=\\"languageFilter\\" title=\\"简体中文\\"\\n                                       lay-skin=\\"primary\\" disabled>\\n                                <input type=\\"checkbox\\" value=\\"5\\" lay-filter=\\"languageFilter\\" title=\\"繁体中文\\"\\n                                       lay-skin=\\"primary\\" disabled>\\n                                <input type=\\"checkbox\\" value=\\"0\\" lay-filter=\\"languageFilter\\" title=\\"英文\\" lay-skin=\\"primary\\"\\n                                       disabled>\\n                                <input type=\\"checkbox\\" value=\\"3\\" lay-filter=\\"languageFilter\\" title=\\"韩文\\" lay-skin=\\"primary\\"\\n                                       disabled>\\n                            </div>\\n                            <div style=\\"margin: 8px 0 0;background: #aaaaaa35;padding: 8px;display: none;\\" id=\\"languageCNDom\\">\\n                                <div>简体中文</div>\\n                                <hr/>\\n                                <div class=\\"layui-inline layui-col-md12\\">\\n                                    <label class=\\"layui-form-label\\" style=\\"width: 40px\\">\\n                                        标题<span style=\\"color: red;\\">*</span>\\n                                    </label>\\n                                    <div class=\\"layui-input-block\\" style=\\"margin-left: 70px\\">\\n                                        <input id=\\"languageCNTitle\\" placeholder=\\"请输入不超过30字的标题\\" type=\\"text\\"\\n                                               class=\\"layui-input\\" disabled/>\\n                                    </div>\\n                                </div>\\n                                <div class=\\"layui-inline layui-col-md12\\">\\n                                    <label class=\\"layui-form-label\\" style=\\"width: 40px\\">\\n                                        内容<span style=\\"color: red;\\">*</span>\\n                                    </label>\\n                                    <div class=\\"layui-input-block\\" style=\\"margin-left: 70px;background: white;\\">\\n                                        <textarea id=\\"languageCNContent\\" placeholder=\\"通知内容\\" maxlength=\\"1000\\"\\n                                                  class=\\"layui-textarea\\" disabled></textarea>\\n                                    </div>\\n                                </div>\\n                            </div>\\n                            <div style=\\"margin: 8px 0 0;background: #aaaaaa35;padding: 8px;display: none;\\" id=\\"languageCNTWDom\\">\\n                                <div>繁体中文</div>\\n                                <hr/>\\n                                <div class=\\"layui-inline layui-col-md12\\">\\n                                    <label class=\\"layui-form-label\\" style=\\"width: 40px\\">\\n                                        标题<span style=\\"color: red;\\">*</span>\\n                                    </label>\\n                                    <div class=\\"layui-input-block\\" style=\\"margin-left: 70px\\">\\n                                        <input id=\\"languageCNTWTitle\\" placeholder=\\"请输入不超过30字的标题\\" type=\\"text\\"\\n                                               class=\\"layui-input\\" disabled/>\\n                                    </div>\\n                                </div>\\n                                <div class=\\"layui-inline layui-col-md12\\">\\n                                    <label class=\\"layui-form-label\\" style=\\"width: 40px\\">\\n                                        内容<span style=\\"color: red;\\">*</span>\\n                                    </label>\\n                                    <div class=\\"layui-input-block\\" style=\\"margin-left: 70px;background: white;\\">\\n                                        <textarea id=\\"languageCNTWContent\\" placeholder=\\"通知内容\\" maxlength=\\"1000\\"\\n                                                  class=\\"layui-textarea\\"></textarea>\\n                                    </div>\\n                                </div>\\n                            </div>\\n                            <div style=\\"margin: 8px 0 0;background: #aaaaaa35;padding: 8px;;display: none;\\" id=\\"languageENDom\\">\\n                                <div>英文</div>\\n                                <hr/>\\n                                <div class=\\"layui-inline layui-col-md12\\">\\n                                    <label class=\\"layui-form-label\\" style=\\"width: 40px\\">\\n                                        标题<span style=\\"color: red;\\">*</span>\\n                                    </label>\\n                                    <div class=\\"layui-input-block\\" style=\\"margin-left: 70px\\">\\n                                        <input id=\\"languageENTitle\\" placeholder=\\"请输入不超过30字的标题\\" type=\\"text\\"\\n                                               class=\\"layui-input\\" disabled/>\\n                                    </div>\\n                                </div>\\n                                <div class=\\"layui-inline layui-col-md12\\">\\n                                    <label class=\\"layui-form-label\\" style=\\"width: 40px\\">\\n                                        内容<span style=\\"color: red;\\">*</span>\\n                                    </label>\\n                                    <div class=\\"layui-input-block\\" style=\\"margin-left: 70px;background: white;\\">\\n                                        <textarea id=\\"languageENContent\\" placeholder=\\"通知内容\\" maxlength=\\"1000\\"\\n                                                  class=\\"layui-textarea\\"></textarea>\\n                                    </div>\\n                                </div>\\n                            </div>\\n                            <div style=\\"margin: 8px 0 0;background: #aaaaaa35;padding: 8px;display: none;\\" id=\\"languageKODom\\">\\n                                <div>韩文</div>\\n                                <hr/>\\n                                <div class=\\"layui-inline layui-col-md12\\">\\n                                    <label class=\\"layui-form-label\\" style=\\"width: 40px\\">\\n                                        标题<span style=\\"color: red;\\">*</span>\\n                                    </label>\\n                                    <div class=\\"layui-input-block\\" style=\\"margin-left: 70px\\">\\n                                        <input id=\\"languageKOTitle\\" placeholder=\\"请输入不超过30字的标题\\" type=\\"text\\"\\n                                               class=\\"layui-input\\" disabled/>\\n                                    </div>\\n                                </div>\\n                                <div class=\\"layui-inline layui-col-md12\\">\\n                                    <label class=\\"layui-form-label\\" style=\\"width: 40px\\">\\n                                        内容<span style=\\"color: red;\\">*</span>\\n                                    </label>\\n                                    <div class=\\"layui-input-block\\" style=\\"margin-left: 70px;background: white;\\">\\n                                        <textarea id=\\"languageKOContent\\" placeholder=\\"通知内容\\" maxlength=\\"1000\\"\\n                                                  class=\\"layui-textarea\\"></textarea>\\n                                    </div>\\n                                </div>\\n                            </div>\\n                        </div>\\n                    </div>\\n        \\n                    <div class=\\"layui-inline layui-col-md12\\">\\n                        <label class=\\"layui-form-label\\">发送类型<span style=\\"color: red;\\">*</span></label>\\n                        <div class=\\"layui-input-block\\">\\n                            <input type=\\"radio\\" name=\\"sendType\\" value=\\"1\\" lay-filter=\\"sendTypeFilter\\" title=\\"立即发送\\" checked\\n                                   disabled>\\n                            <input type=\\"radio\\" name=\\"sendType\\" value=\\"2\\" lay-filter=\\"sendTypeFilter\\" title=\\"定时发送\\" disabled>\\n                        </div>\\n                    </div>\\n        \\n                    <div class=\\"layui-inline layui-col-md12\\" id=\\"sendDateDom\\" style=\\"display: none;\\">\\n                        <label class=\\"layui-form-label\\">发送日期<span style=\\"color: red;\\">*</span></label>\\n                        <div class=\\"layui-input-block\\">\\n                            <input id=\\"planTime\\" type=\\"text\\" class=\\"layui-input\\" placeholder=\\"发送日期时间\\" autocomplete=\\"off\\"\\n                                   disabled>\\n                        </div>\\n                    </div>\\n                </div>\\n            </div>\\n        </form>\\n        \\n        ""`;
